basic/e/f
basic/j/foo
basic/k/foo
basic/l/foo
basic/k/foo/bar
basic/l/foo/bar
basic/l/foo/bar/baz
