basic/k/foo
basic/k/foo/bar
basic/l/foo
basic/l/foo/bar/baz
