times/a | Sat Dec 14 05:00:00.0000000000 1991 1991-12-14 05:05:00.0000000000 692686800.0000000000 | Sat Dec 14 05:00:00.0000000000 1991 1991-12-14 05:05:00.0000000000 692686800.0000000000
times/b | Sat Dec 14 05:01:00.0000000000 1991 1991-12-14 05:05:00.0000000000 692686860.0000000000 | Sat Dec 14 05:01:00.0000000000 1991 1991-12-14 05:05:00.0000000000 692686860.0000000000
times/c | Sat Dec 14 05:02:00.0000000000 1991 1991-12-14 05:05:00.0000000000 692686920.0000000000 | Sat Dec 14 05:02:00.0000000000 1991 1991-12-14 05:05:00.0000000000 692686920.0000000000
