basic found
basic/a found
basic/b found
basic/c found
basic/e found
basic/g found
basic/i found
basic/j found
basic/k found
basic/l found
basic/c/d found
basic/e/f found
basic/g/h found
basic/j/foo found
basic/k/foo found
basic/l/foo found
basic/k/foo/bar found
basic/l/foo/bar found
basic/l/foo/bar/baz found
