links/file
links/hardlink
links/hardsymlink
links/symlink
