./a ./b ./c ./e ./g ./i ./j ./k ./l
./bar
./bar
./basic
./baz
./d
./f
./foo
./foo
./foo
./h
