weirdnames
weirdnames/!
weirdnames/!-
weirdnames/(
weirdnames/(-
weirdnames/)
weirdnames/,
weirdnames/-
weirdnames/...
weirdnames/\ 
weirdnames/\\
weirdnames/!-/e
weirdnames/!/d
weirdnames/(-/c
weirdnames/(/b
weirdnames/)/g
weirdnames/,/f
weirdnames/-/a
weirdnames/.../h
weirdnames/\ /j
weirdnames/\\/i
