basic
basic/c
basic/e
basic/g
basic/g/h
basic/i
basic/j
basic/k
basic/l
basic/l/foo/bar
