(links) () d d
(links/broken) (nowhere) l N
(links/deeply) () d d
(links/file) () f f
(links/hardbroken) (nowhere) l N
(links/hardlink) () f f
(links/hardsymlink) (file) l f
(links/loop) (loop) l L
(links/symlink) (file) l f
(links/deeply/nested) () d d
(links/notdir) (symlink/file) l N
(links/deeply/nested/dir) () d d
(links/skip) (deeply/nested/loop/nested) l d
(links/deeply/nested/loop) (../../deeply) l d
