!-
!-
(-
(-
)
)
,
,
-
-
!-/e
!-/e
(-/c
(-/c
)/g
)/g
,/f
,/f
-/a
-/a
./!
./!
./(
./(
./!/d
./!/d
./(/b
./(/b
