links/deeply/nested/file
links/file
links/hardlink
links/skip/file
