.
./!
./!-
./(
./(-
./)
./,
./-
./!-/e
./!/d
./(-/c
./(/b
./)/g
./,/f
./-/a
