
basic
basic
basic
basic
basic
basic
basic
basic
basic
basic/c
basic/e
basic/g
basic/j
basic/k
basic/l
basic/k/foo
basic/l/foo
basic/l/foo/bar
