links
links/a
links/b
links/c
links/d
links/h
links/j
links/d/e
links/h/f
links/h/g
links/h/i
links/d/e/f
links/d/e/i
