scratch
scratch/foo
scratch/foo/bar
scratch/foo/qux
scratch/mnt
