.
./ 
./!
./!-
./(
./(-
./)
./,
./-
./...
./[
./\
./ /j
./!-/e
./!/d
./(-/c
./(/b
./)/g
./,/f
./-/a
./.../h
./[/k
./\/i
