basic
basic/a
basic/a
basic/b
basic/b
basic/c
basic/c
basic/e
basic/e
basic/g
basic/g
basic/i
basic/i
basic/j
basic/j
basic/k
basic/k
basic/l
basic/l
basic/c/d
basic/c/d
basic/c/d
basic/e/f
basic/e/f
basic/e/f
basic/g/h
basic/g/h
basic/g/h
basic/j/foo
basic/j/foo
basic/j/foo
basic/k/foo
basic/k/foo
basic/k/foo
basic/l/foo
basic/l/foo
basic/l/foo
basic/k/foo/bar
basic/k/foo/bar
basic/k/foo/bar
basic/k/foo/bar
basic/l/foo/bar
basic/l/foo/bar
basic/l/foo/bar
basic/l/foo/bar
basic/l/foo/bar/baz
basic/l/foo/bar/baz
basic/l/foo/bar/baz
basic/l/foo/bar/baz
basic/l/foo/bar/baz
