%p(basic) %d(0) %f(basic) %h(.) %H(basic) %P() %m(755) %M(drwxr-xr-x) %y(d)
%p(basic/a) %d(1) %f(a) %h(basic) %H(basic) %P(a) %m(644) %M(-rw-r--r--) %y(f)
%p(basic/b) %d(1) %f(b) %h(basic) %H(basic) %P(b) %m(644) %M(-rw-r--r--) %y(f)
%p(basic/c) %d(1) %f(c) %h(basic) %H(basic) %P(c) %m(755) %M(drwxr-xr-x) %y(d)
%p(basic/e) %d(1) %f(e) %h(basic) %H(basic) %P(e) %m(755) %M(drwxr-xr-x) %y(d)
%p(basic/g) %d(1) %f(g) %h(basic) %H(basic) %P(g) %m(755) %M(drwxr-xr-x) %y(d)
%p(basic/i) %d(1) %f(i) %h(basic) %H(basic) %P(i) %m(755) %M(drwxr-xr-x) %y(d)
%p(basic/j) %d(1) %f(j) %h(basic) %H(basic) %P(j) %m(755) %M(drwxr-xr-x) %y(d)
%p(basic/k) %d(1) %f(k) %h(basic) %H(basic) %P(k) %m(755) %M(drwxr-xr-x) %y(d)
%p(basic/l) %d(1) %f(l) %h(basic) %H(basic) %P(l) %m(755) %M(drwxr-xr-x) %y(d)
%p(basic/c/d) %d(2) %f(d) %h(basic/c) %H(basic) %P(c/d) %m(644) %M(-rw-r--r--) %y(f)
%p(basic/e/f) %d(2) %f(f) %h(basic/e) %H(basic) %P(e/f) %m(644) %M(-rw-r--r--) %y(f)
%p(basic/g/h) %d(2) %f(h) %h(basic/g) %H(basic) %P(g/h) %m(755) %M(drwxr-xr-x) %y(d)
%p(basic/j/foo) %d(2) %f(foo) %h(basic/j) %H(basic) %P(j/foo) %m(644) %M(-rw-r--r--) %y(f)
%p(basic/k/foo) %d(2) %f(foo) %h(basic/k) %H(basic) %P(k/foo) %m(755) %M(drwxr-xr-x) %y(d)
%p(basic/l/foo) %d(2) %f(foo) %h(basic/l) %H(basic) %P(l/foo) %m(755) %M(drwxr-xr-x) %y(d)
%p(basic/k/foo/bar) %d(3) %f(bar) %h(basic/k/foo) %H(basic) %P(k/foo/bar) %m(644) %M(-rw-r--r--) %y(f)
%p(basic/l/foo/bar) %d(3) %f(bar) %h(basic/l/foo) %H(basic) %P(l/foo/bar) %m(755) %M(drwxr-xr-x) %y(d)
%p(basic/l/foo/bar/baz) %d(4) %f(baz) %h(basic/l/foo/bar) %H(basic) %P(l/foo/bar/baz) %m(644) %M(-rw-r--r--) %y(f)
