[01;34m[0m[01;34mlinks[0m
[01;34mlinks/[0m[01;34mdeeply[0m
[01;34mlinks/[0m[01;36mskip[0m
[01;34mlinks/[0m[01;36msymlink[0m
[01;34mlinks/[0m[40;31;01mbroken[0m
[01;34mlinks/[0m[40;31;01mnotdir[0m
[01;34mlinks/[0mfile
[01;34mlinks/[0mhardlink
[01;34mlinks/deeply/[0m[01;34mnested[0m
[01;34mlinks/deeply/nested/[0m[01;34mdir[0m
[01;34mlinks/deeply/nested/[0m[01;36mlink[0m
[01;34mlinks/deeply/nested/[0mfile
