[01;34m.[0m [01;34m.[0m [01;34mrainbow[0m [01;34m./[0m[01;34mrainbow[0m [01;34mrainbow[0m 
[01;34m.[0m [01;34m./rainbow[0m [01;32mexec.sh[0m [01;34m./rainbow/[0m[01;32mexec.sh[0m [01;34mrainbow/[0m[01;32mexec.sh[0m 
[01;34m.[0m [01;34m./rainbow[0m [01;35msocket[0m [01;34m./rainbow/[0m[01;35msocket[0m [01;34mrainbow/[0m[01;35msocket[0m 
[01;34m.[0m [01;34m./rainbow[0m [01;36mbroken[0m [01;34m./rainbow/[0m[01;36mbroken[0m [01;34mrainbow/[0m[01;36mbroken[0m nowhere
[01;34m.[0m [01;34m./rainbow[0m [01;36mlink.txt[0m [01;34m./rainbow/[0m[01;36mlink.txt[0m [01;34mrainbow/[0m[01;36mlink.txt[0m file.txt
[01;34m.[0m [01;34m./rainbow[0m [30;42msticky_ow[0m [01;34m./rainbow/[0m[30;42msticky_ow[0m [01;34mrainbow/[0m[30;42msticky_ow[0m 
[01;34m.[0m [01;34m./rainbow[0m [30;43msgid[0m [01;34m./rainbow/[0m[30;43msgid[0m [01;34mrainbow/[0m[30;43msgid[0m 
[01;34m.[0m [01;34m./rainbow[0m [33mpipe[0m [01;34m./rainbow/[0m[33mpipe[0m [01;34mrainbow/[0m[33mpipe[0m 
[01;34m.[0m [01;34m./rainbow[0m [34;42mow[0m [01;34m./rainbow/[0m[34;42mow[0m [01;34mrainbow/[0m[34;42mow[0m 
[01;34m.[0m [01;34m./rainbow[0m [37;41msugid[0m [01;34m./rainbow/[0m[37;41msugid[0m [01;34mrainbow/[0m[37;41msugid[0m 
[01;34m.[0m [01;34m./rainbow[0m [37;41msuid[0m [01;34m./rainbow/[0m[37;41msuid[0m [01;34mrainbow/[0m[37;41msuid[0m 
[01;34m.[0m [01;34m./rainbow[0m [37;44msticky[0m [01;34m./rainbow/[0m[37;44msticky[0m [01;34mrainbow/[0m[37;44msticky[0m 
[01;34m.[0m [01;34m./rainbow[0m file.dat [01;34m./rainbow/[0mfile.dat [01;34mrainbow/[0mfile.dat 
[01;34m.[0m [01;34m./rainbow[0m file.txt [01;34m./rainbow/[0mfile.txt [01;34mrainbow/[0mfile.txt 
[01;34m.[0m [01;34m./rainbow[0m mh1 [01;34m./rainbow/[0mmh1 [01;34mrainbow/[0mmh1 
[01;34m.[0m [01;34m./rainbow[0m mh2 [01;34m./rainbow/[0mmh2 [01;34mrainbow/[0mmh2 
[01;34m.[0m [01;34m./rainbow[0m star.gz [01;34m./rainbow/[0mstar.gz [01;34mrainbow/[0mstar.gz 
[01;34m.[0m [01;34m./rainbow[0m star.tar [01;34m./rainbow/[0mstar.tar [01;34mrainbow/[0mstar.tar 
[01;34m.[0m [01;34m./rainbow[0m star.tar.gz [01;34m./rainbow/[0mstar.tar.gz [01;34mrainbow/[0mstar.tar.gz 
[01;34m.[0m [01;34m./rainbow[0m [01;36mchardev_link[0m [01;34m./rainbow/[0m[01;36mchardev_link[0m [01;34mrainbow/[0m[01;36mchardev_link[0m [01;34m/dev/[0m[01;33mnull[0m
