basic
basic/c
basic/e
basic/g
basic/i
basic/j
basic/k
basic/l
basic/g/h
basic/j/foo
basic/k/foo
basic/l/foo
basic/l/foo/bar
