basic/a
basic/b
basic/i
basic/c/d
basic/e/f
basic/g/h
basic/j/foo
basic/k/foo/bar
