links
links/a
links/c
links/d
links/d/e
links/d/e/f
