links
links/a
links/b
links/c
links/d
links/h
links/d/e
links/d/e/f
links/d/e/g
