-./bar- a z
-./bar- a z
-./basic- a z
-./baz- a z
-./d- a z
-./f- a z
-./foo- a z
-./foo- a z
-./foo- a z
-./h- a z
-./a- -./b- -./c- -./e- -./g- -./i- -./j- -./k- -./l- a z
