weirdnames
weirdnames/ 
weirdnames/!
weirdnames/!-
weirdnames/(
weirdnames/(-
weirdnames/)
weirdnames/,
weirdnames/-
weirdnames/\
weirdnames/ /j
weirdnames/!-/e
weirdnames/!/d
weirdnames/(-/c
weirdnames/(/b
weirdnames/)/g
weirdnames/,/f
weirdnames/-/a
weirdnames/\/i
