basic/c/d
basic/e/f
basic/g/h
basic/j/foo
basic/k/foo
basic/l/foo
