rainbow
rainbow/broken
rainbow/chardev_link
rainbow/exec.sh
rainbow/file.dat
rainbow/file.txt
rainbow/link.txt
rainbow/mh1
rainbow/mh2
rainbow/ow
rainbow/pipe
rainbow/sgid
rainbow/socket
rainbow/star.gz
rainbow/star.tar
rainbow/star.tar.gz
rainbow/sticky
rainbow/sticky_ow
rainbow/sugid
rainbow/suid
