basic/k/foo/bar
basic/l/foo/bar
basic/l/foo/bar/baz
