./a? y
./b? y
./bar? y
./bar? y
./basic? y
./baz? y
./c? y
./d? y
./e? y
./f? y
./foo? y
./foo? y
./foo? y
./g? y
./h? y
./i? y
./j? y
./k? y
./l? y
