./a
./b
./c/d
./e/f
./j/foo
./k/foo/bar
./l/foo/bar/baz
