 
 /j
 /j
!
!-
!-/e
!-/e
!/d
!/d
(
(-
(-/c
(-/c
(/b
(/b
)
)/g
)/g
,
,/f
,/f
-
-/a
-/a
...
.../h
.../h
[
[/k
[/k
\
\/i
\/i
