basic ? found
basic/a ? found
basic/b ? found
basic/c ? found
basic/c/d ? found
basic/e ? found
basic/e/f ? found
basic/g ? found
basic/g/h ? found
basic/i ? found
basic/j ? found
basic/j/foo ? found
basic/k ? found
basic/k/foo ? found
basic/k/foo/bar ? found
basic/l ? found
basic/l/foo ? found
basic/l/foo/bar ? found
basic/l/foo/bar/baz ? found
