times/a | Sat Dec 14 00:00:00.0000000000 1991 1991-12-14 00:12:00.0000000000 692668800.0000000000 | Sat Dec 14 00:00:00.0000000000 1991 1991-12-14 00:12:00.0000000000 692668800.0000000000
times/b | Sat Dec 14 00:01:00.0000000000 1991 1991-12-14 00:12:00.0000000000 692668860.0000000000 | Sat Dec 14 00:01:00.0000000000 1991 1991-12-14 00:12:00.0000000000 692668860.0000000000
times/c | Sat Dec 14 00:02:00.0000000000 1991 1991-12-14 00:12:00.0000000000 692668920.0000000000 | Sat Dec 14 00:02:00.0000000000 1991 1991-12-14 00:12:00.0000000000 692668920.0000000000
