(scratch) () d d
(scratch/bar) (foo/bar) l ?
(scratch/foo) () d d
