links/broken
links/deeply/nested/broken
links/notdir
