links/deeply/nested/file
links/deeply/nested/link
links/file
links/hardlink
links/symlink
