foo basic bar + baz
foo basic/a bar + baz
foo basic/b bar + baz
foo basic/c bar + baz
foo basic/c/d bar + baz
foo basic/e bar + baz
foo basic/e/f bar + baz
foo basic/g bar + baz
foo basic/g/h bar + baz
foo basic/i bar + baz
foo basic/j bar + baz
foo basic/j/foo bar + baz
foo basic/k bar + baz
foo basic/k/foo bar + baz
foo basic/k/foo/bar bar + baz
foo basic/l bar + baz
foo basic/l/foo bar + baz
foo basic/l/foo/bar bar + baz
foo basic/l/foo/bar/baz bar + baz
